<html>
  <head>
    <title>Stencil-generated self-standing page</title>
  </head>
  <body>
  <p>I am a page that is not wrapped in a template.</p>
  </body>
</html>
