<html>
  <head>
    <title>Generated by Stencil</title>


    <link rel="stylesheet" type="text/css" href="test/data/styles/links.css">

    <link rel="stylesheet" type="text/css" href="test/data/styles/main.css">


  </head>
  <body>
    This page is generated by wrapping a page into a given template.
    <p>I am a page that has meta data which says I need to be wrapped in a template.</p>
  </body>

</html>